// Jest Snapshot v1, https://goo.gl/fbAQLP

exports[`renders correctly 1`] = `
<View
  style={
    Object {
      "flex": 1,
      "paddingLeft": 40,
      "paddingRight": 40,
    }
  }
>
  <View
    style={
      Object {
        "alignItems": "center",
        "display": "flex",
        "height": 260,
        "top": 133,
      }
    }
  >
    <CheckCircle
      style={
        Object {
          "marginBottom": 60,
        }
      }
    />
    <Text
      style={
        Object {
          "color": "#4E66A9",
          "fontFamily": "Montserrat-Medium",
          "fontSize": 18,
          "textAlign": "center",
        }
      }
    >
      Your item has been submited.
    </Text>
    <Text
      style={
        Object {
          "color": "#4E66A9",
          "fontFamily": "Montserrat-Medium",
          "fontSize": 18,
          "textAlign": "center",
        }
      }
    >
      Would you like to help the community and input the price ?
    </Text>
  </View>
  <View
    style={
      Object {
        "backgroundColor": "#6200ee",
        "borderColor": "transparent",
        "borderRadius": 10,
        "borderStyle": "solid",
        "borderWidth": 0,
        "bottom": 92,
        "elevation": 2,
        "height": 40,
        "marginLeft": 40,
        "minWidth": 64,
        "position": "absolute",
        "shadowColor": "#000000",
        "shadowOffset": Object {
          "height": 0.75,
          "width": 0,
        },
        "shadowOpacity": 0.24,
        "shadowRadius": 1.5,
      }
    }
    testID="yesBtn"
  >
    <View
      accessibilityRole="button"
      accessibilityStates={Array []}
      accessible={true}
      focusable={true}
      isTVSelectable={true}
      onClick={[Function]}
      onResponderGrant={[Function]}
      onResponderMove={[Function]}
      onResponderRelease={[Function]}
      onResponderTerminate={[Function]}
      onResponderTerminationRequest={[Function]}
      onStartShouldSetResponder={[Function]}
      style={
        Array [
          Object {
            "overflow": "hidden",
          },
          Object {
            "borderRadius": 10,
          },
        ]
      }
    >
      <View
        style={
          Array [
            Object {
              "alignItems": "center",
              "flexDirection": "row",
              "justifyContent": "center",
            },
            undefined,
          ]
        }
      >
        <Text
          numberOfLines={1}
          style={
            Array [
              Object {
                "color": "#000000",
                "fontFamily": "System",
                "fontWeight": "400",
                "textAlign": "left",
              },
              Array [
                Object {
                  "letterSpacing": 1,
                  "marginHorizontal": 16,
                  "marginVertical": 9,
                  "textAlign": "center",
                },
                undefined,
                Object {
                  "textTransform": "uppercase",
                },
                Object {
                  "color": "#ffffff",
                  "fontFamily": "System",
                  "fontWeight": "500",
                },
                Object {
                  "fontFamily": "System",
                  "fontWeight": "500",
                },
                Object {
                  "color": "#F8F8F8",
                },
              ],
            ]
          }
        >
          Yes
        </Text>
      </View>
    </View>
  </View>
  <View
    style={
      Object {
        "backgroundColor": "#6200ee",
        "borderColor": "transparent",
        "borderRadius": 10,
        "borderStyle": "solid",
        "borderWidth": 0,
        "bottom": 46,
        "elevation": 2,
        "height": 40,
        "marginLeft": 40,
        "minWidth": 64,
        "position": "absolute",
        "shadowColor": "#000000",
        "shadowOffset": Object {
          "height": 0.75,
          "width": 0,
        },
        "shadowOpacity": 0.24,
        "shadowRadius": 1.5,
      }
    }
    testID="noBtn"
  >
    <View
      accessibilityRole="button"
      accessibilityStates={Array []}
      accessible={true}
      focusable={true}
      isTVSelectable={true}
      onClick={[Function]}
      onResponderGrant={[Function]}
      onResponderMove={[Function]}
      onResponderRelease={[Function]}
      onResponderTerminate={[Function]}
      onResponderTerminationRequest={[Function]}
      onStartShouldSetResponder={[Function]}
      style={
        Array [
          Object {
            "overflow": "hidden",
          },
          Object {
            "borderRadius": 10,
          },
        ]
      }
    >
      <View
        style={
          Array [
            Object {
              "alignItems": "center",
              "flexDirection": "row",
              "justifyContent": "center",
            },
            undefined,
          ]
        }
      >
        <Text
          numberOfLines={1}
          style={
            Array [
              Object {
                "color": "#000000",
                "fontFamily": "System",
                "fontWeight": "400",
                "textAlign": "left",
              },
              Array [
                Object {
                  "letterSpacing": 1,
                  "marginHorizontal": 16,
                  "marginVertical": 9,
                  "textAlign": "center",
                },
                undefined,
                Object {
                  "textTransform": "uppercase",
                },
                Object {
                  "color": "#ffffff",
                  "fontFamily": "System",
                  "fontWeight": "500",
                },
                Object {
                  "fontFamily": "System",
                  "fontWeight": "500",
                },
                Object {
                  "color": "#F8F8F8",
                },
              ],
            ]
          }
        >
          No
        </Text>
      </View>
    </View>
  </View>
</View>
`;
